#
# There is insufficient memory for the Java Runtime Environment to continue.
# Native memory allocation (mmap) failed to map 2097152 bytes for G1 virtual space
# Possible reasons:
#   The system is out of physical RAM or swap space
#   The process is running with CompressedOops enabled, and the Java Heap may be blocking the growth of the native heap
# Possible solutions:
#   Reduce memory load on the system
#   Increase physical memory or swap space
#   Check if swap backing store is full
#   Decrease Java heap size (-Xmx/-Xms)
#   Decrease number of Java threads
#   Decrease Java thread stack sizes (-Xss)
#   Set larger code cache with -XX:ReservedCodeCacheSize=
#   JVM is running with Zero Based Compressed Oops mode in which the Java heap is
#     placed in the first 32GB address space. The Java Heap base address is the
#     maximum limit for the native heap growth. Please use -XX:HeapBaseMinAddress
#     to set the Java Heap base and to place the Java Heap above 32GB virtual address.
# This output file may be truncated or incomplete.
#
#  Out of Memory Error (os_windows.cpp:3604), pid=7428, tid=28136
#
# JRE version: Java(TM) SE Runtime Environment (21.0.11+9) (build 21.0.11+9-LTS-211)
# Java VM: Java HotSpot(TM) 64-Bit Server VM (21.0.11+9-LTS-211, mixed mode, sharing, tiered, compressed oops, compressed class ptrs, g1 gc, windows-amd64)
# No core dump will be written. Minidumps are not enabled by default on client versions of Windows
#

---------------  S U M M A R Y ------------

Command Line: -javaagent:C:\Program Files\JetBrains\IntelliJ IDEA 2026.1.1\lib\idea_rt.jar=52991 -Dfile.encoding=UTF-8 -Dsun.stdout.encoding=UTF-8 -Dsun.stderr.encoding=UTF-8 com.ecommerce.ServiceRegistryApplication

Host: Intel(R) Core(TM) i7-10610U CPU @ 1.80GHz, 8 cores, 15G,  Windows 11 , 64 bit Build 26100 (10.0.26100.9168)
Time: Tue Aug 18 23:14:23 2026 India Standard Time elapsed time: 7.864026 seconds (0d 0h 0m 7s)

---------------  T H R E A D  ---------------

Current thread (0x00000150fa2b17b0):  WorkerThread "GC Thread#2"    [id=28136, stack(0x0000003eb5c00000,0x0000003eb5d00000) (1024K)]

Stack: [0x0000003eb5c00000,0x0000003eb5d00000]
Native frames: (J=compiled Java code, j=interpreted, Vv=VM code, C=native code)
V  [jvm.dll+0x6d0ef9]
V  [jvm.dll+0x860126]
V  [jvm.dll+0x86261e]
V  [jvm.dll+0x862cf3]
V  [jvm.dll+0x282bc6]
V  [jvm.dll+0x6cd7a5]
V  [jvm.dll+0x6c232a]
V  [jvm.dll+0x35bfb8]
V  [jvm.dll+0x363c76]
V  [jvm.dll+0x3b4a8f]
V  [jvm.dll+0x3b5121]
V  [jvm.dll+0x3b51df]
V  [jvm.dll+0x33107c]
V  [jvm.dll+0x330dd5]
V  [jvm.dll+0x31fa56]
V  [jvm.dll+0x32086a]
V  [jvm.dll+0x320cf8]
V  [jvm.dll+0x3206d2]
V  [jvm.dll+0x35ddf6]
V  [jvm.dll+0x35e17e]
V  [jvm.dll+0x35f2e3]
V  [jvm.dll+0x35b9ce]
V  [jvm.dll+0x368861]
V  [jvm.dll+0x36a369]
V  [jvm.dll+0x368d0a]
V  [jvm.dll+0x369fbb]
V  [jvm.dll+0x374493]
V  [jvm.dll+0x3745de]
V  [jvm.dll+0x88de51]
V  [jvm.dll+0x80ac0d]
V  [jvm.dll+0x6cf79d]
C  [ucrtbase.dll+0x2cd30]
C  [KERNEL32.DLL+0x2ccb7]
C  [ntdll.dll+0xaad6c]


---------------  P R O C E S S  ---------------

Threads class SMR info:
_java_thread_list=0x00000150fb81f090, length=13, elements={
0x0000015092e35150, 0x00000150b190e560, 0x00000150b42ac0d0, 0x00000150b42acec0,
0x00000150b42ad920, 0x00000150b42b0790, 0x00000150b42b4340, 0x00000150b42e01b0,
0x00000150b42f8c70, 0x00000150b452b250, 0x00000150b472c4d0, 0x00000150b472cb40,
0x00000150fa513160
}

Java Threads: ( => current thread )
  0x0000015092e35150 JavaThread "main"                              [_thread_blocked, id=13600, stack(0x0000003eb4800000,0x0000003eb4900000) (1024K)]
  0x00000150b190e560 JavaThread "Reference Handler"          daemon [_thread_blocked, id=21164, stack(0x0000003eb5000000,0x0000003eb5100000) (1024K)]
  0x00000150b42ac0d0 JavaThread "Finalizer"                  daemon [_thread_blocked, id=12424, stack(0x0000003eb5100000,0x0000003eb5200000) (1024K)]
  0x00000150b42acec0 JavaThread "Signal Dispatcher"          daemon [_thread_blocked, id=1556, stack(0x0000003eb5200000,0x0000003eb5300000) (1024K)]
  0x00000150b42ad920 JavaThread "Attach Listener"            daemon [_thread_blocked, id=28212, stack(0x0000003eb5300000,0x0000003eb5400000) (1024K)]
  0x00000150b42b0790 JavaThread "Service Thread"             daemon [_thread_blocked, id=16940, stack(0x0000003eb5400000,0x0000003eb5500000) (1024K)]
  0x00000150b42b4340 JavaThread "Monitor Deflation Thread"   daemon [_thread_blocked, id=25980, stack(0x0000003eb5500000,0x0000003eb5600000) (1024K)]
  0x00000150b42e01b0 JavaThread "C2 CompilerThread0"         daemon [_thread_blocked, id=26956, stack(0x0000003eb5600000,0x0000003eb5700000) (1024K)]
  0x00000150b42f8c70 JavaThread "C1 CompilerThread0"         daemon [_thread_blocked, id=26928, stack(0x0000003eb5700000,0x0000003eb5800000) (1024K)]
  0x00000150b452b250 JavaThread "Common-Cleaner"             daemon [_thread_blocked, id=23012, stack(0x0000003eb5800000,0x0000003eb5900000) (1024K)]
  0x00000150b472c4d0 JavaThread "Monitor Ctrl-Break"         daemon [_thread_in_native, id=27644, stack(0x0000003eb5900000,0x0000003eb5a00000) (1024K)]
  0x00000150b472cb40 JavaThread "Notification Thread"        daemon [_thread_blocked, id=17428, stack(0x0000003eb5a00000,0x0000003eb5b00000) (1024K)]
  0x00000150fa513160 JavaThread "C2 CompilerThread1"         daemon [_thread_blocked, id=26080, stack(0x0000003eb6300000,0x0000003eb6400000) (1024K)]
Total: 13

Other Threads:
  0x00000150b18fa680 VMThread "VM Thread"                           [id=21896, stack(0x0000003eb4f00000,0x0000003eb5000000) (1024K)]
  0x00000150b18e8ae0 WatcherThread "VM Periodic Task Thread"        [id=20008, stack(0x0000003eb4e00000,0x0000003eb4f00000) (1024K)]
  0x00000150930c2140 WorkerThread "GC Thread#0"                     [id=26064, stack(0x0000003eb4900000,0x0000003eb4a00000) (1024K)]
  0x00000150fa2b1400 WorkerThread "GC Thread#1"                     [id=24412, stack(0x0000003eb5b00000,0x0000003eb5c00000) (1024K)]
=>0x00000150fa2b17b0 WorkerThread "GC Thread#2"                     [id=28136, stack(0x0000003eb5c00000,0x0000003eb5d00000) (1024K)]
  0x00000150b4b22420 WorkerThread "GC Thread#3"                     [id=2760, stack(0x0000003eb5d00000,0x0000003eb5e00000) (1024K)]
  0x00000150b4b227d0 WorkerThread "GC Thread#4"                     [id=9904, stack(0x0000003eb5e00000,0x0000003eb5f00000) (1024K)]
  0x00000150b4b22b80 WorkerThread "GC Thread#5"                     [id=21316, stack(0x0000003eb5f00000,0x0000003eb6000000) (1024K)]
  0x00000150fa4b6b80 WorkerThread "GC Thread#6"                     [id=20620, stack(0x0000003eb6100000,0x0000003eb6200000) (1024K)]
  0x00000150fa4b7750 WorkerThread "GC Thread#7"                     [id=27924, stack(0x0000003eb6200000,0x0000003eb6300000) (1024K)]
  0x00000150b1752010 ConcurrentGCThread "G1 Main Marker"            [id=22952, stack(0x0000003eb4a00000,0x0000003eb4b00000) (1024K)]
  0x00000150b1752930 WorkerThread "G1 Conc#0"                       [id=1788, stack(0x0000003eb4b00000,0x0000003eb4c00000) (1024K)]
  0x00000150fa88c6c0 WorkerThread "G1 Conc#1"                       [id=26236, stack(0x0000003eb6000000,0x0000003eb6100000) (1024K)]
  0x00000150b17bed40 ConcurrentGCThread "G1 Refine#0"               [id=27008, stack(0x0000003eb4c00000,0x0000003eb4d00000) (1024K)]
  0x00000150b17bf570 ConcurrentGCThread "G1 Service"                [id=24848, stack(0x0000003eb4d00000,0x0000003eb4e00000) (1024K)]
Total: 15

Threads with active compile tasks:
C2 CompilerThread0     7912 4074   !   4       jdk.internal.loader.BuiltinClassLoader::loadClassOrNull (143 bytes)
C2 CompilerThread1     7912 4079       4       jdk.internal.org.objectweb.asm.Frame::execute (2305 bytes)
Total: 2

VM state: at safepoint (normal execution)

VM Mutex/Monitor currently owned by a thread:  ([mutex/lock_event])
[0x00007ffb88f38a50] FreeList_lock - owner thread: 0x00000150fa2b17b0
[0x00007ffb88f3af50] Threads_lock - owner thread: 0x00000150b18fa680
[0x00007ffb88f3b050] Heap_lock - owner thread: 0x0000015092e35150

Heap address: 0x0000000703800000, size: 4040 MB, Compressed Oops mode: Zero based, Oop shift amount: 3

CDS archive(s) mapped at: [0x00000150b5000000-0x00000150b5c90000-0x00000150b5c90000), size 13172736, SharedBaseAddress: 0x00000150b5000000, ArchiveRelocationMode: 1.
Compressed class space mapped at: 0x00000150b6000000-0x00000150f6000000, reserved size: 1073741824
Narrow klass base: 0x00000150b5000000, Narrow klass shift: 0, Narrow klass range: 0x100000000

GC Precious Log:
 CardTable entry size: 512
 Card Set container configuration: InlinePtr #cards 4 size 8 Array Of Cards #cards 16 size 48 Howl #buckets 8 coarsen threshold 3686 Howl Bitmap #cards 512 size 80 coarsen threshold 460 Card regions per heap region 1 cards per card region 4096
 CPUs: 8 total, 8 available
 Memory: 16153M
 Large Page Support: Disabled
 NUMA Support: Disabled
 Compressed Oops: Enabled (Zero based)
 Heap Region Size: 2M
 Heap Min Capacity: 8M
 Heap Initial Capacity: 254M
 Heap Max Capacity: 4040M
 Pre-touch: Disabled
 Parallel Workers: 8
 Concurrent Workers: 2
 Concurrent Refinement Workers: 8
 Periodic GC: Disabled

Heap:
 garbage-first heap   total 63488K, used 59958K [0x0000000703800000, 0x0000000800000000)
  region size 2048K, 23 young (47104K), 1 survivors (2048K)
 Metaspace       used 29130K, committed 29632K, reserved 1114112K
  class space    used 3560K, committed 3776K, reserved 1048576K

Heap Regions: E=young(eden), S=young(survivor), O=old, HS=humongous(starts), HC=humongous(continues), CS=collection set, F=free, TAMS=top-at-mark-start, PB=parsable bottom
|   0|0x0000000703800000, 0x0000000703a00000, 0x0000000703a00000|100%| O|  |TAMS 0x0000000703800000| PB 0x0000000703800000| Untracked 
|   1|0x0000000703a00000, 0x0000000703c00000, 0x0000000703c00000|100%| O|  |TAMS 0x0000000703a00000| PB 0x0000000703a00000| Untracked 
|   2|0x0000000703c00000, 0x0000000703e00000, 0x0000000703e00000|100%| O|  |TAMS 0x0000000703c00000| PB 0x0000000703c00000| Untracked 
|   3|0x0000000703e00000, 0x0000000703f26d20, 0x0000000704000000| 57%| O|Cm|TAMS 0x0000000703e00000| PB 0x0000000703e00000| Complete 
|   4|0x0000000704000000, 0x0000000704200000, 0x0000000704200000|100%| E|CS|TAMS 0x0000000704000000| PB 0x0000000704000000| Complete 
|   5|0x0000000704200000, 0x0000000704400000, 0x0000000704400000|100%| E|CS|TAMS 0x0000000704200000| PB 0x0000000704200000| Complete 
|   6|0x0000000704400000, 0x0000000704600000, 0x0000000704600000|100%| E|CS|TAMS 0x0000000704400000| PB 0x0000000704400000| Complete 
|   7|0x0000000704600000, 0x0000000704800000, 0x0000000704800000|100%| E|CS|TAMS 0x0000000704600000| PB 0x0000000704600000| Complete 
|   8|0x0000000704800000, 0x0000000704a00000, 0x0000000704a00000|100%| E|CS|TAMS 0x0000000704800000| PB 0x0000000704800000| Complete 
|   9|0x0000000704a00000, 0x0000000704c00000, 0x0000000704c00000|100%| E|CS|TAMS 0x0000000704a00000| PB 0x0000000704a00000| Complete 
|  10|0x0000000704c00000, 0x0000000704e00000, 0x0000000704e00000|100%| E|CS|TAMS 0x0000000704c00000| PB 0x0000000704c00000| Complete 
|  11|0x0000000704e00000, 0x0000000705000000, 0x0000000705000000|100%| E|CS|TAMS 0x0000000704e00000| PB 0x0000000704e00000| Complete 
|  12|0x0000000705000000, 0x0000000705200000, 0x0000000705200000|100%| E|CS|TAMS 0x0000000705000000| PB 0x0000000705000000| Complete 
|  13|0x0000000705200000, 0x0000000705400000, 0x0000000705400000|100%| E|CS|TAMS 0x0000000705200000| PB 0x0000000705200000| Complete 
|  14|0x0000000705400000, 0x0000000705600000, 0x0000000705600000|100%| E|CS|TAMS 0x0000000705400000| PB 0x0000000705400000| Complete 
|  15|0x0000000705600000, 0x0000000705800000, 0x0000000705800000|100%| E|CS|TAMS 0x0000000705600000| PB 0x0000000705600000| Complete 
|  16|0x0000000705800000, 0x0000000705a00000, 0x0000000705a00000|100%| E|CS|TAMS 0x0000000705800000| PB 0x0000000705800000| Complete 
|  17|0x0000000705a00000, 0x0000000705c00000, 0x0000000705c00000|100%| E|CS|TAMS 0x0000000705a00000| PB 0x0000000705a00000| Complete 
|  18|0x0000000705c00000, 0x0000000705e00000, 0x0000000705e00000|100%| E|CS|TAMS 0x0000000705c00000| PB 0x0000000705c00000| Complete 
|  19|0x0000000705e00000, 0x0000000706000000, 0x0000000706000000|100%| E|CS|TAMS 0x0000000705e00000| PB 0x0000000705e00000| Complete 
|  20|0x0000000706000000, 0x0000000706200000, 0x0000000706200000|100%| E|CS|TAMS 0x0000000706000000| PB 0x0000000706000000| Complete 
|  21|0x0000000706200000, 0x0000000706400000, 0x0000000706400000|100%| E|CS|TAMS 0x0000000706200000| PB 0x0000000706200000| Complete 
|  22|0x0000000706400000, 0x0000000706600000, 0x0000000706600000|100%| E|CS|TAMS 0x0000000706400000| PB 0x0000000706400000| Complete 
|  23|0x0000000706600000, 0x0000000706800000, 0x0000000706800000|100%| E|CS|TAMS 0x0000000706600000| PB 0x0000000706600000| Complete 
|  24|0x0000000706800000, 0x0000000706a00000, 0x0000000706a00000|100%| E|CS|TAMS 0x0000000706800000| PB 0x0000000706800000| Complete 
|  25|0x0000000706a00000, 0x0000000706c00000, 0x0000000706c00000|100%| S|  |TAMS 0x0000000706a00000| PB 0x0000000706a00000| Complete 
| 122|0x0000000712c00000, 0x0000000712d66b00, 0x0000000712e00000| 70%| E|CS|TAMS 0x0000000712c00000| PB 0x0000000712c00000| Complete 
| 123|0x0000000712e00000, 0x0000000713000000, 0x0000000713000000|100%| E|CS|TAMS 0x0000000712e00000| PB 0x0000000712e00000| Complete 
| 124|0x0000000713000000, 0x0000000713200000, 0x0000000713200000|100%| E|CS|TAMS 0x0000000713000000| PB 0x0000000713000000| Complete 
| 125|0x0000000713200000, 0x0000000713400000, 0x0000000713400000|100%| E|CS|TAMS 0x0000000713200000| PB 0x0000000713200000| Complete 
| 126|0x0000000713400000, 0x0000000713600000, 0x0000000713600000|100%| E|CS|TAMS 0x0000000713400000| PB 0x0000000713400000| Complete 

Card table byte_map: [0x00000150acf70000,0x00000150ad760000] _byte_map_base: 0x00000150a9754000

Marking Bits: (CMBitMap*) 0x00000150930c2850
 Bits: [0x00000150ad760000, 0x00000150b1680000)

Polling page: 0x0000015092ff0000

Metaspace:

Usage:
  Non-class:     24.97 MB used.
      Class:      3.48 MB used.
       Both:     28.45 MB used.

Virtual space:
  Non-class space:       64.00 MB reserved,      25.25 MB ( 39%) committed,  1 nodes.
      Class space:        1.00 GB reserved,       3.69 MB ( <1%) committed,  1 nodes.
             Both:        1.06 GB reserved,      28.94 MB (  3%) committed. 

Chunk freelists:
   Non-Class:  5.97 MB
       Class:  12.23 MB
        Both:  18.20 MB

MaxMetaspaceSize: unlimited
CompressedClassSpaceSize: 1.00 GB
Initial GC threshold: 21.00 MB
Current GC threshold: 35.12 MB
CDS: on
 - commit_granule_bytes: 65536.
 - commit_granule_words: 8192.
 - virtual_space_node_default_size: 8388608.
 - enlarge_chunks_in_place: 1.
 - use_allocation_guard: 0.


Internal statistics:

num_allocs_failed_limit: 3.
num_arena_births: 622.
num_arena_deaths: 0.
num_vsnodes_births: 2.
num_vsnodes_deaths: 0.
num_space_committed: 463.
num_space_uncommitted: 0.
num_chunks_returned_to_freelist: 3.
num_chunks_taken_from_freelist: 1689.
num_chunk_merges: 3.
num_chunk_splits: 1119.
num_chunks_enlarged: 769.
num_inconsistent_stats: 0.

CodeHeap 'non-profiled nmethods': size=120000Kb used=2261Kb max_used=2261Kb free=117738Kb
 bounds [0x00000150a47e0000, 0x00000150a4a50000, 0x00000150abd10000]
CodeHeap 'profiled nmethods': size=120000Kb used=8648Kb max_used=8648Kb free=111352Kb
 bounds [0x000001509cd10000, 0x000001509d590000, 0x00000150a4240000]
CodeHeap 'non-nmethods': size=5760Kb used=1470Kb max_used=1551Kb free=4289Kb
 bounds [0x00000150a4240000, 0x00000150a44b0000, 0x00000150a47e0000]
 total_blobs=4628 nmethods=4077 adapters=455
 compilation: enabled
              stopped_count=0, restarted_count=0
 full_count=0

Compilation events (20 events):
Event: 6.639 Thread 0x00000150b42f8c70 4071       3       sun.nio.fs.NativeBuffers::getNativeBuffer (21 bytes)
Event: 6.639 Thread 0x00000150b42f8c70 nmethod 4071 0x000001509d57c010 code [0x000001509d57c1e0, 0x000001509d57c508]
Event: 6.641 Thread 0x00000150b42f8c70 4072   !   3       java.lang.ref.ReferenceQueue::poll (40 bytes)
Event: 6.641 Thread 0x00000150b42f8c70 nmethod 4072 0x000001509d57c690 code [0x000001509d57c900, 0x000001509d57d390]
Event: 6.651 Thread 0x00000150b42f8c70 4073       3       java.util.logging.LogManager$LoggerContext::requiresDefaultLoggers (29 bytes)
Event: 6.651 Thread 0x00000150b42f8c70 nmethod 4073 0x000001509d57d710 code [0x000001509d57d8c0, 0x000001509d57dad8]
Event: 6.653 Thread 0x00000150b42e01b0 4074   !   4       jdk.internal.loader.BuiltinClassLoader::loadClassOrNull (143 bytes)
Event: 6.664 Thread 0x00000150b42f8c70 4076       1       java.lang.Class::getClassLoader0 (5 bytes)
Event: 6.665 Thread 0x00000150b42f8c70 nmethod 4076 0x00000150a4a14d10 code [0x00000150a4a14ea0, 0x00000150a4a14f70]
Event: 6.665 Thread 0x00000150b42f8c70 4077       3       ch.qos.logback.classic.Logger::createChildByName (99 bytes)
Event: 6.666 Thread 0x00000150b42f8c70 nmethod 4077 0x000001509d57db90 code [0x000001509d57de00, 0x000001509d57ea48]
Event: 6.666 Thread 0x00000150b42f8c70 4078       3       java.lang.invoke.InvokerBytecodeGenerator::classData (173 bytes)
Event: 6.667 Thread 0x00000150fa513160 4079       4       jdk.internal.org.objectweb.asm.Frame::execute (2305 bytes)
Event: 6.667 Thread 0x00000150b42f8c70 nmethod 4078 0x000001509d57ee10 code [0x000001509d57f1a0, 0x000001509d580798]
Event: 6.674 Thread 0x00000150b42f8c70 4082       3       org.springframework.beans.factory.annotation.InjectionMetadata::needsRefresh (18 bytes)
Event: 6.674 Thread 0x00000150b42f8c70 nmethod 4082 0x000001509d580e10 code [0x000001509d580fc0, 0x000001509d5811f8]
Event: 6.677 Thread 0x00000150b42f8c70 4083       3       java.util.ArrayList::contains (14 bytes)
Event: 6.677 Thread 0x00000150b42f8c70 nmethod 4083 0x000001509d581310 code [0x000001509d5814c0, 0x000001509d5817c0]
Event: 6.677 Thread 0x00000150b42f8c70 4084   !   3       jdk.proxy2.$Proxy25::annotationType (29 bytes)
Event: 6.677 Thread 0x00000150b42f8c70 nmethod 4084 0x000001509d581890 code [0x000001509d581a60, 0x000001509d581e68]

GC Heap History (9 events):
Event: 1.455 GC heap before
{Heap before GC invocations=0 (full 0):
 garbage-first heap   total 260096K, used 20480K [0x0000000703800000, 0x0000000800000000)
  region size 2048K, 11 young (22528K), 0 survivors (0K)
 Metaspace       used 4907K, committed 5184K, reserved 1114112K
  class space    used 528K, committed 640K, reserved 1048576K
}
Event: 1.461 GC heap after
{Heap after GC invocations=1 (full 0):
 garbage-first heap   total 260096K, used 6935K [0x0000000703800000, 0x0000000800000000)
  region size 2048K, 2 young (4096K), 2 survivors (4096K)
 Metaspace       used 4907K, committed 5184K, reserved 1114112K
  class space    used 528K, committed 640K, reserved 1048576K
}
Event: 2.300 GC heap before
{Heap before GC invocations=1 (full 0):
 garbage-first heap   total 260096K, used 29463K [0x0000000703800000, 0x0000000800000000)
  region size 2048K, 13 young (26624K), 2 survivors (4096K)
 Metaspace       used 11315K, committed 11584K, reserved 1114112K
  class space    used 1364K, committed 1472K, reserved 1048576K
}
Event: 2.309 GC heap after
{Heap after GC invocations=2 (full 0):
 garbage-first heap   total 260096K, used 9324K [0x0000000703800000, 0x0000000800000000)
  region size 2048K, 1 young (2048K), 1 survivors (2048K)
 Metaspace       used 11315K, committed 11584K, reserved 1114112K
  class space    used 1364K, committed 1472K, reserved 1048576K
}
Event: 3.837 GC heap before
{Heap before GC invocations=2 (full 0):
 garbage-first heap   total 260096K, used 68716K [0x0000000703800000, 0x0000000800000000)
  region size 2048K, 30 young (61440K), 1 survivors (2048K)
 Metaspace       used 20887K, committed 21248K, reserved 1114112K
  class space    used 2452K, committed 2624K, reserved 1048576K
}
Event: 3.846 GC heap after
{Heap after GC invocations=3 (full 0):
 garbage-first heap   total 260096K, used 14145K [0x0000000703800000, 0x0000000800000000)
  region size 2048K, 4 young (8192K), 4 survivors (8192K)
 Metaspace       used 20887K, committed 21248K, reserved 1114112K
  class space    used 2452K, committed 2624K, reserved 1048576K
}
Event: 3.911 GC heap before
{Heap before GC invocations=3 (full 0):
 garbage-first heap   total 260096K, used 14145K [0x0000000703800000, 0x0000000800000000)
  region size 2048K, 5 young (10240K), 4 survivors (8192K)
 Metaspace       used 21242K, committed 21504K, reserved 1114112K
  class space    used 2497K, committed 2624K, reserved 1048576K
}
Event: 3.917 GC heap after
{Heap after GC invocations=4 (full 0):
 garbage-first heap   total 260096K, used 14902K [0x0000000703800000, 0x0000000800000000)
  region size 2048K, 4 young (8192K), 4 survivors (8192K)
 Metaspace       used 21242K, committed 21504K, reserved 1114112K
  class space    used 2497K, committed 2624K, reserved 1048576K
}
Event: 6.684 GC heap before
{Heap before GC invocations=5 (full 0):
 garbage-first heap   total 61440K, used 59958K [0x0000000703800000, 0x0000000800000000)
  region size 2048K, 26 young (53248K), 4 survivors (8192K)
 Metaspace       used 29130K, committed 29632K, reserved 1114112K
  class space    used 3560K, committed 3776K, reserved 1048576K
}

Dll operation events (12 events):
Event: 0.030 Loaded shared library C:\Program Files\Java\jdk-21.0.11\bin\java.dll
Event: 0.086 Loaded shared library C:\Program Files\Java\jdk-21.0.11\bin\jsvml.dll
Event: 0.309 Loaded shared library C:\Program Files\Java\jdk-21.0.11\bin\zip.dll
Event: 0.317 Loaded shared library C:\Program Files\Java\jdk-21.0.11\bin\instrument.dll
Event: 0.327 Loaded shared library C:\Program Files\Java\jdk-21.0.11\bin\net.dll
Event: 0.330 Loaded shared library C:\Program Files\Java\jdk-21.0.11\bin\nio.dll
Event: 0.336 Loaded shared library C:\Program Files\Java\jdk-21.0.11\bin\zip.dll
Event: 0.875 Loaded shared library C:\Program Files\Java\jdk-21.0.11\bin\extnet.dll
Event: 0.949 Loaded shared library C:\Program Files\Java\jdk-21.0.11\bin\jimage.dll
Event: 3.029 Loaded shared library C:\Program Files\Java\jdk-21.0.11\bin\sunmscapi.dll
Event: 6.522 Loaded shared library C:\Program Files\Java\jdk-21.0.11\bin\management.dll
Event: 6.527 Loaded shared library C:\Program Files\Java\jdk-21.0.11\bin\management_ext.dll

Deoptimization events (20 events):
Event: 6.377 Thread 0x0000015092e35150 Uncommon trap: trap_request=0xffffffde fr.pc=0x00000150a49d9568 relative=0x0000000000000288
Event: 6.377 Thread 0x0000015092e35150 Uncommon trap: reason=class_check action=maybe_recompile pc=0x00000150a49d9568 method=java.util.Collections$SetFromMap.contains(Ljava/lang/Object;)Z @ 5 c2
Event: 6.377 Thread 0x0000015092e35150 DEOPT PACKING pc=0x00000150a49d9568 sp=0x0000003eb48fe120
Event: 6.377 Thread 0x0000015092e35150 DEOPT UNPACKING pc=0x00000150a42946a2 sp=0x0000003eb48fe0c8 mode 2
Event: 6.377 Thread 0x0000015092e35150 Uncommon trap: trap_request=0xffffffde fr.pc=0x00000150a49d9568 relative=0x0000000000000288
Event: 6.377 Thread 0x0000015092e35150 Uncommon trap: reason=class_check action=maybe_recompile pc=0x00000150a49d9568 method=java.util.Collections$SetFromMap.contains(Ljava/lang/Object;)Z @ 5 c2
Event: 6.377 Thread 0x0000015092e35150 DEOPT PACKING pc=0x00000150a49d9568 sp=0x0000003eb48fe2c0
Event: 6.377 Thread 0x0000015092e35150 DEOPT UNPACKING pc=0x00000150a42946a2 sp=0x0000003eb48fe268 mode 2
Event: 6.377 Thread 0x0000015092e35150 Uncommon trap: trap_request=0xffffffde fr.pc=0x00000150a49d9568 relative=0x0000000000000288
Event: 6.377 Thread 0x0000015092e35150 Uncommon trap: reason=class_check action=maybe_recompile pc=0x00000150a49d9568 method=java.util.Collections$SetFromMap.contains(Ljava/lang/Object;)Z @ 5 c2
Event: 6.377 Thread 0x0000015092e35150 DEOPT PACKING pc=0x00000150a49d9568 sp=0x0000003eb48fe460
Event: 6.377 Thread 0x0000015092e35150 DEOPT UNPACKING pc=0x00000150a42946a2 sp=0x0000003eb48fe408 mode 2
Event: 6.592 Thread 0x0000015092e35150 Uncommon trap: trap_request=0xffffff45 fr.pc=0x00000150a4958760 relative=0x0000000000001780
Event: 6.592 Thread 0x0000015092e35150 Uncommon trap: reason=unstable_if action=reinterpret pc=0x00000150a4958760 method=java.util.zip.InflaterInputStream.read([BII)I @ 25 c2
Event: 6.592 Thread 0x0000015092e35150 DEOPT PACKING pc=0x00000150a4958760 sp=0x0000003eb48fd7e0
Event: 6.592 Thread 0x0000015092e35150 DEOPT UNPACKING pc=0x00000150a42946a2 sp=0x0000003eb48fd840 mode 2
Event: 6.678 Thread 0x0000015092e35150 Uncommon trap: trap_request=0xffffff45 fr.pc=0x00000150a49f1180 relative=0x0000000000004080
Event: 6.678 Thread 0x0000015092e35150 Uncommon trap: reason=unstable_if action=reinterpret pc=0x00000150a49f1180 method=org.springframework.beans.factory.support.DefaultListableBeanFactory.doGetBeanNamesForType(Lorg/springframework/core/ResolvableType;ZZ)[Ljava/lang/String; @ 68 c2
Event: 6.678 Thread 0x0000015092e35150 DEOPT PACKING pc=0x00000150a49f1180 sp=0x0000003eb48fce10
Event: 6.678 Thread 0x0000015092e35150 DEOPT UNPACKING pc=0x00000150a42946a2 sp=0x0000003eb48fcdf8 mode 2

Classes loaded (20 events):
Event: 6.533 Loading class java/lang/management/DefaultPlatformMBeanProvider$11
Event: 6.533 Loading class java/lang/management/DefaultPlatformMBeanProvider$11 done
Event: 6.533 Loading class jdk/management/jfr/FlightRecorderMXBean
Event: 6.534 Loading class jdk/management/jfr/FlightRecorderMXBean done
Event: 6.534 Loading class jdk/management/jfr/internal/FlightRecorderMXBeanProvider$SingleMBeanComponent
Event: 6.534 Loading class jdk/management/jfr/internal/FlightRecorderMXBeanProvider$SingleMBeanComponent done
Event: 6.535 Loading class java/util/stream/ReduceOps$2
Event: 6.535 Loading class java/util/stream/ReduceOps$2 done
Event: 6.536 Loading class java/util/stream/ReduceOps$2ReducingSink
Event: 6.536 Loading class java/util/stream/ReduceOps$2ReducingSink done
Event: 6.536 Loading class sun/management/RuntimeImpl
Event: 6.536 Loading class sun/management/RuntimeImpl done
Event: 6.537 Loading class java/util/Collections$2
Event: 6.537 Loading class java/util/Collections$2 done
Event: 6.647 Loading class java/io/ObjectInputStream
Event: 6.648 Loading class java/io/ObjectInput
Event: 6.648 Loading class java/io/ObjectInput done
Event: 6.648 Loading class java/io/ObjectStreamConstants
Event: 6.648 Loading class java/io/ObjectStreamConstants done
Event: 6.648 Loading class java/io/ObjectInputStream done

Classes unloaded (0 events):
No events

Classes redefined (0 events):
No events

Internal exceptions (20 events):
Event: 5.621 Thread 0x0000015092e35150 Exception <a 'java/lang/NoSuchMethodError'{0x00000007052dbc88}: 'void java.lang.invoke.DirectMethodHandle$Holder.invokeVirtual(java.lang.Object, java.lang.Object, int)'> (0x00000007052dbc88) 
thrown [s\open\src\hotspot\share\interpreter\linkResolver.cpp, line 773]
Event: 5.622 Thread 0x0000015092e35150 Exception <a 'java/lang/NoSuchMethodError'{0x00000007052dfb58}: 'int java.lang.invoke.DirectMethodHandle$Holder.invokeSpecial(java.lang.Object, java.lang.Object, java.lang.Object, int)'> (0x00000007052dfb58) 
thrown [s\open\src\hotspot\share\interpreter\linkResolver.cpp, line 773]
Event: 5.624 Thread 0x0000015092e35150 Exception <a 'java/lang/NoSuchMethodError'{0x00000007052f18c0}: 'java.lang.Object java.lang.invoke.DirectMethodHandle$Holder.invokeStatic(java.lang.Object, java.lang.Object, java.lang.Object, java.lang.Object, int)'> (0x00000007052f18c0) 
thrown [s\open\src\hotspot\share\interpreter\linkResolver.cpp, line 773]
Event: 5.625 Thread 0x0000015092e35150 Exception <a 'java/lang/NoSuchMethodError'{0x00000007052fbfa8}: 'void java.lang.invoke.DelegatingMethodHandle$Holder.reinvoke_L(java.lang.Object, java.lang.Object, int)'> (0x00000007052fbfa8) 
thrown [s\open\src\hotspot\share\interpreter\linkResolver.cpp, line 773]
Event: 5.693 Thread 0x0000015092e35150 Exception <a 'java/lang/NoSuchMethodError'{0x00000007053fccc8}: 'java.lang.Object java.lang.invoke.DirectMethodHandle$Holder.invokeVirtual(java.lang.Object, java.lang.Object, java.lang.Object, java.lang.Object, java.lang.Object)'> (0x00000007053fccc8) 
thrown [s\open\src\hotspot\share\interpreter\linkResolver.cpp, line 773]
Event: 5.918 Thread 0x0000015092e35150 Exception <a 'java/lang/NoSuchMethodError'{0x0000000704f5aca8}: 'java.lang.Object java.lang.invoke.DirectMethodHandle$Holder.invokeVirtual(java.lang.Object, java.lang.Object, java.lang.Object, java.lang.Object, java.lang.Object, java.lang.Object)'> (0x0000000704f5aca8) 
thrown [s\open\src\hotspot\share\interpreter\linkResolver.cpp, line 773]
Event: 5.986 Thread 0x0000015092e35150 Exception <a 'java/lang/NoSuchMethodError'{0x0000000704c60da8}: 'void java.lang.invoke.DirectMethodHandle$Holder.invokeInterface(java.lang.Object, java.lang.Object, int)'> (0x0000000704c60da8) 
thrown [s\open\src\hotspot\share\interpreter\linkResolver.cpp, line 773]
Event: 5.997 Thread 0x0000015092e35150 Exception <a 'java/lang/IncompatibleClassChangeError'{0x0000000704ca2fa0}: Found class java.lang.Object, but interface was expected> (0x0000000704ca2fa0) 
thrown [s\open\src\hotspot\share\interpreter\linkResolver.cpp, line 840]
Event: 5.999 Thread 0x0000015092e35150 Exception <a 'java/lang/NoSuchMethodError'{0x0000000704cb0f18}: 'int java.lang.invoke.DirectMethodHandle$Holder.invokeSpecialIFC(java.lang.Object, java.lang.Object, java.lang.Object)'> (0x0000000704cb0f18) 
thrown [s\open\src\hotspot\share\interpreter\linkResolver.cpp, line 773]
Event: 6.001 Thread 0x0000015092e35150 Exception <a 'java/lang/NoSuchMethodError'{0x0000000704cbd210}: 'void java.lang.invoke.DirectMethodHandle$Holder.invokeStatic(java.lang.Object, int, java.lang.Object)'> (0x0000000704cbd210) 
thrown [s\open\src\hotspot\share\interpreter\linkResolver.cpp, line 773]
Event: 6.009 Thread 0x0000015092e35150 Exception <a 'java/lang/NoSuchMethodError'{0x0000000704cf3200}: 'void java.lang.invoke.DirectMethodHandle$Holder.invokeStatic(java.lang.Object, java.lang.Object, java.lang.Object, int, java.lang.Object)'> (0x0000000704cf3200) 
thrown [s\open\src\hotspot\share\interpreter\linkResolver.cpp, line 773]
Event: 6.011 Thread 0x0000015092e35150 Exception <a 'java/lang/NoSuchMethodError'{0x0000000704cf99d8}: 'java.lang.Object java.lang.invoke.DirectMethodHandle$Holder.newInvokeSpecial(java.lang.Object, java.lang.Object, java.lang.Object, int)'> (0x0000000704cf99d8) 
thrown [s\open\src\hotspot\share\interpreter\linkResolver.cpp, line 773]
Event: 6.012 Thread 0x0000015092e35150 Exception <a 'java/lang/NoSuchMethodError'{0x0000000704cfd798}: 'java.lang.Object java.lang.invoke.DirectMethodHandle$Holder.invokeSpecial(java.lang.Object, java.lang.Object, java.lang.Object, java.lang.Object, int)'> (0x0000000704cfd798) 
thrown [s\open\src\hotspot\share\interpreter\linkResolver.cpp, line 773]
Event: 6.012 Thread 0x0000015092e35150 Exception <a 'java/lang/NoSuchMethodError'{0x0000000704d00e70}: 'java.lang.Object java.lang.invoke.Invokers$Holder.linkToTargetMethod(java.lang.Object, java.lang.Object, int, java.lang.Object)'> (0x0000000704d00e70) 
thrown [s\open\src\hotspot\share\interpreter\linkResolver.cpp, line 773]
Event: 6.158 Thread 0x0000015092e35150 Exception <a 'java/lang/NoSuchMethodError'{0x0000000704830d50}: 'java.lang.Object java.lang.invoke.DirectMethodHandle$Holder.invokeStaticInit(java.lang.Object, int, int, int, int)'> (0x0000000704830d50) 
thrown [s\open\src\hotspot\share\interpreter\linkResolver.cpp, line 773]
Event: 6.186 Thread 0x0000015092e35150 Exception <a 'java/lang/NoSuchMethodError'{0x0000000704877c18}: 'java.lang.Object java.lang.invoke.DirectMethodHandle$Holder.invokeStaticInit(java.lang.Object, java.lang.Object, int, int, int, int)'> (0x0000000704877c18) 
thrown [s\open\src\hotspot\share\interpreter\linkResolver.cpp, line 773]
Event: 6.398 Thread 0x0000015092e35150 Exception <a 'java/lang/NoSuchMethodError'{0x00000007047fc108}: 'int java.lang.invoke.DirectMethodHandle$Holder.invokeVirtual(java.lang.Object, java.lang.Object, java.lang.Object, java.lang.Object)'> (0x00000007047fc108) 
thrown [s\open\src\hotspot\share\interpreter\linkResolver.cpp, line 773]
Event: 6.399 Thread 0x0000015092e35150 Exception <a 'java/lang/NoSuchMethodError'{0x00000007047ffb80}: 'int java.lang.invoke.DelegatingMethodHandle$Holder.reinvoke_L(java.lang.Object, java.lang.Object, java.lang.Object, java.lang.Object)'> (0x00000007047ffb80) 
thrown [s\open\src\hotspot\share\interpreter\linkResolver.cpp, line 773]
Event: 6.566 Thread 0x0000015092e35150 Exception <a 'java/io/FileNotFoundException'{0x000000070423cff0}> (0x000000070423cff0) 
thrown [s\open\src\hotspot\share\prims\jni.cpp, line 520]
Event: 6.660 Thread 0x0000015092e35150 Exception <a 'java/lang/NoSuchMethodError'{0x0000000704193958}: 'int java.lang.invoke.DirectMethodHandle$Holder.invokeInterface(java.lang.Object, java.lang.Object, java.lang.Object, java.lang.Object)'> (0x0000000704193958) 
thrown [s\open\src\hotspot\share\interpreter\linkResolver.cpp, line 773]

ZGC Phase Switch (0 events):
No events

VM Operations (20 events):
Event: 5.615 Executing VM operation: HandshakeAllThreads (Deoptimize) done
Event: 5.617 Executing VM operation: HandshakeAllThreads (Deoptimize)
Event: 5.617 Executing VM operation: HandshakeAllThreads (Deoptimize) done
Event: 5.899 Executing VM operation: HandshakeAllThreads (Deoptimize)
Event: 5.899 Executing VM operation: HandshakeAllThreads (Deoptimize) done
Event: 5.930 Executing VM operation: HandshakeAllThreads (Deoptimize)
Event: 5.930 Executing VM operation: HandshakeAllThreads (Deoptimize) done
Event: 6.112 Executing VM operation: HandshakeAllThreads (Deoptimize)
Event: 6.112 Executing VM operation: HandshakeAllThreads (Deoptimize) done
Event: 6.148 Executing VM operation: HandshakeAllThreads (Deoptimize)
Event: 6.148 Executing VM operation: HandshakeAllThreads (Deoptimize) done
Event: 6.371 Executing VM operation: HandshakeAllThreads (Deoptimize)
Event: 6.371 Executing VM operation: HandshakeAllThreads (Deoptimize) done
Event: 6.376 Executing VM operation: HandshakeAllThreads (Deoptimize)
Event: 6.376 Executing VM operation: HandshakeAllThreads (Deoptimize) done
Event: 6.482 Executing VM operation: HandshakeAllThreads (Deoptimize)
Event: 6.482 Executing VM operation: HandshakeAllThreads (Deoptimize) done
Event: 6.536 Executing VM operation: HandshakeAllThreads (Deoptimize)
Event: 6.536 Executing VM operation: HandshakeAllThreads (Deoptimize) done
Event: 6.684 Executing VM operation: G1CollectForAllocation (G1 Evacuation Pause)

Events (19 events):
Event: 0.055 Thread 0x0000015092e35150 Thread added: 0x0000015092e35150
Event: 0.082 Thread 0x00000150b190e560 Thread added: 0x00000150b190e560
Event: 0.083 Thread 0x00000150b42ac0d0 Thread added: 0x00000150b42ac0d0
Event: 0.083 Thread 0x00000150b42acec0 Thread added: 0x00000150b42acec0
Event: 0.083 Thread 0x00000150b42ad920 Thread added: 0x00000150b42ad920
Event: 0.083 Thread 0x00000150b42b0790 Thread added: 0x00000150b42b0790
Event: 0.083 Thread 0x00000150b42b4340 Thread added: 0x00000150b42b4340
Event: 0.083 Thread 0x00000150b42e01b0 Thread added: 0x00000150b42e01b0
Event: 0.084 Thread 0x00000150b42f8c70 Thread added: 0x00000150b42f8c70
Event: 0.323 Thread 0x00000150b452b250 Thread added: 0x00000150b452b250
Event: 0.859 Thread 0x00000150b472c4d0 Thread added: 0x00000150b472c4d0
Event: 0.860 Thread 0x00000150b472cb40 Thread added: 0x00000150b472cb40
Event: 2.025 Thread 0x00000150fa3d27c0 Thread added: 0x00000150fa3d27c0
Event: 2.038 Thread 0x00000150fa3d27c0 Thread exited: 0x00000150fa3d27c0
Event: 2.135 Thread 0x00000150fa4c9700 Thread added: 0x00000150fa4c9700
Event: 2.486 Thread 0x00000150fa513160 Thread added: 0x00000150fa513160
Event: 2.970 Thread 0x00000150fa583a70 Thread added: 0x00000150fa583a70
Event: 3.045 Thread 0x00000150fa4c9700 Thread exited: 0x00000150fa4c9700
Event: 3.088 Thread 0x00000150fa583a70 Thread exited: 0x00000150fa583a70


Dynamic libraries:
0x00007ff755dc0000 - 0x00007ff755dd0000 	C:\Program Files\Java\jdk-21.0.11\bin\java.exe
0x00007ffc54700000 - 0x00007ffc54966000 	C:\WINDOWS\SYSTEM32\ntdll.dll
0x00007ffc53b10000 - 0x00007ffc53bd9000 	C:\WINDOWS\System32\KERNEL32.DLL
0x00007ffc51be0000 - 0x00007ffc51fdf000 	C:\WINDOWS\System32\KERNELBASE.dll
0x00007ffc51910000 - 0x00007ffc51a5c000 	C:\WINDOWS\System32\ucrtbase.dll
0x00007ffc1cea0000 - 0x00007ffc1cebe000 	C:\Program Files\Java\jdk-21.0.11\bin\VCRUNTIME140.dll
0x00007ffc25ae0000 - 0x00007ffc25af9000 	C:\Program Files\Java\jdk-21.0.11\bin\jli.dll
0x00007ffc53220000 - 0x00007ffc532dc000 	C:\WINDOWS\System32\ADVAPI32.dll
0x00007ffc53540000 - 0x00007ffc535e9000 	C:\WINDOWS\System32\msvcrt.dll
0x00007ffc53c70000 - 0x00007ffc53d1a000 	C:\WINDOWS\System32\sechost.dll
0x00007ffc53300000 - 0x00007ffc53418000 	C:\WINDOWS\System32\RPCRT4.dll
0x00007ffc53fb0000 - 0x00007ffc54176000 	C:\WINDOWS\System32\USER32.dll
0x00007ffc52240000 - 0x00007ffc52267000 	C:\WINDOWS\System32\win32u.dll
0x00007ffc396f0000 - 0x00007ffc39981000 	C:\WINDOWS\WinSxS\amd64_microsoft.windows.common-controls_6595b64144ccf1df_6.0.26100.8972_none_3e0da176e32f9d4b\COMCTL32.dll
0x00007ffc54420000 - 0x00007ffc5444b000 	C:\WINDOWS\System32\GDI32.dll
0x00007ffc52300000 - 0x00007ffc52429000 	C:\WINDOWS\System32\gdi32full.dll
0x00007ffc51b30000 - 0x00007ffc51bd3000 	C:\WINDOWS\System32\msvcp_win.dll
0x00007ffc455b0000 - 0x00007ffc455bb000 	C:\WINDOWS\SYSTEM32\VERSION.dll
0x00007ffc534e0000 - 0x00007ffc53512000 	C:\WINDOWS\System32\IMM32.DLL
0x00007ffc25ad0000 - 0x00007ffc25adc000 	C:\Program Files\Java\jdk-21.0.11\bin\vcruntime140_1.dll
0x00007ffbfa810000 - 0x00007ffbfa89d000 	C:\Program Files\Java\jdk-21.0.11\bin\msvcp140.dll
0x00007ffb882f0000 - 0x00007ffb89018000 	C:\Program Files\Java\jdk-21.0.11\bin\server\jvm.dll
0x00007ffc53450000 - 0x00007ffc534d2000 	C:\WINDOWS\System32\WS2_32.dll
0x00007ffc51770000 - 0x00007ffc517ce000 	C:\WINDOWS\SYSTEM32\POWRPROF.dll
0x00007ffc34410000 - 0x00007ffc34446000 	C:\WINDOWS\SYSTEM32\WINMM.dll
0x00007ffc51750000 - 0x00007ffc51765000 	C:\WINDOWS\SYSTEM32\UMPDC.dll
0x00007ffc505c0000 - 0x00007ffc505db000 	C:\WINDOWS\SYSTEM32\kernel.appcore.dll
0x00007ffc1d6f0000 - 0x00007ffc1d6fa000 	C:\Program Files\Java\jdk-21.0.11\bin\jimage.dll
0x00007ffc4ef40000 - 0x00007ffc4f182000 	C:\WINDOWS\SYSTEM32\DBGHELP.DLL
0x00007ffc52cf0000 - 0x00007ffc53075000 	C:\WINDOWS\System32\combase.dll
0x00007ffc52480000 - 0x00007ffc52559000 	C:\WINDOWS\System32\OLEAUT32.dll
0x00007ffc34640000 - 0x00007ffc3467b000 	C:\WINDOWS\SYSTEM32\dbgcore.DLL
0x00007ffc51a70000 - 0x00007ffc51b1c000 	C:\WINDOWS\System32\bcryptPrimitives.dll
0x00007ffc1d6b0000 - 0x00007ffc1d6c0000 	C:\Program Files\Java\jdk-21.0.11\bin\instrument.dll
0x00007ffc04130000 - 0x00007ffc04151000 	C:\Program Files\Java\jdk-21.0.11\bin\java.dll
0x00007ffc52560000 - 0x00007ffc52ce8000 	C:\WINDOWS\System32\SHELL32.dll
0x00007ffc4f380000 - 0x00007ffc4fc1b000 	C:\WINDOWS\SYSTEM32\windows.storage.dll
0x00007ffc53d20000 - 0x00007ffc53e19000 	C:\WINDOWS\System32\SHCORE.dll
0x00007ffc53e80000 - 0x00007ffc53ee6000 	C:\WINDOWS\System32\shlwapi.dll
0x00007ffc51830000 - 0x00007ffc51859000 	C:\WINDOWS\SYSTEM32\profapi.dll
0x00007ffbedf90000 - 0x00007ffbee067000 	C:\Program Files\Java\jdk-21.0.11\bin\jsvml.dll
0x00007ffc03360000 - 0x00007ffc03378000 	C:\Program Files\Java\jdk-21.0.11\bin\zip.dll
0x00007ffc03440000 - 0x00007ffc03451000 	C:\Program Files\Java\jdk-21.0.11\bin\net.dll
0x00007ffc4b390000 - 0x00007ffc4b4b8000 	C:\WINDOWS\SYSTEM32\WINHTTP.dll
0x00007ffc50b50000 - 0x00007ffc50bbc000 	C:\WINDOWS\system32\mswsock.dll
0x00007ffc03420000 - 0x00007ffc03436000 	C:\Program Files\Java\jdk-21.0.11\bin\nio.dll
0x00007ffc1cd90000 - 0x00007ffc1cd99000 	C:\Program Files\Java\jdk-21.0.11\bin\extnet.dll
0x00007ffc4fef0000 - 0x00007ffc4ff23000 	C:\WINDOWS\SYSTEM32\IPHLPAPI.DLL
0x00007ffc53440000 - 0x00007ffc5344a000 	C:\WINDOWS\System32\NSI.dll
0x00007ffc4ff30000 - 0x00007ffc50088000 	C:\WINDOWS\SYSTEM32\DNSAPI.dll
0x00007ffc50950000 - 0x00007ffc5095d000 	C:\WINDOWS\SYSTEM32\DSPARSE.dll
0x00007ffc44e20000 - 0x00007ffc44e2b000 	C:\Windows\System32\rasadhlp.dll
0x00007ffc4b960000 - 0x00007ffc4b9e6000 	C:\WINDOWS\System32\fwpuclnt.dll
0x00007ffc1ce90000 - 0x00007ffc1ce9e000 	C:\Program Files\Java\jdk-21.0.11\bin\sunmscapi.dll
0x00007ffc520b0000 - 0x00007ffc5222e000 	C:\WINDOWS\System32\CRYPT32.dll
0x00007ffc510e0000 - 0x00007ffc51110000 	C:\WINDOWS\SYSTEM32\ncrypt.dll
0x00007ffc51090000 - 0x00007ffc510cf000 	C:\WINDOWS\SYSTEM32\NTASN1.dll
0x00007ffc50f70000 - 0x00007ffc50f8b000 	C:\WINDOWS\SYSTEM32\CRYPTSP.dll
0x00007ffc50520000 - 0x00007ffc50559000 	C:\WINDOWS\system32\rsaenh.dll
0x00007ffc50c00000 - 0x00007ffc50c32000 	C:\WINDOWS\SYSTEM32\USERENV.dll
0x00007ffc51800000 - 0x00007ffc5182a000 	C:\WINDOWS\SYSTEM32\bcrypt.dll
0x00007ffc50db0000 - 0x00007ffc50dbc000 	C:\WINDOWS\SYSTEM32\CRYPTBASE.dll
0x00007ffc050a0000 - 0x00007ffc050aa000 	C:\Program Files\Java\jdk-21.0.11\bin\management.dll
0x00007ffc042b0000 - 0x00007ffc042bc000 	C:\Program Files\Java\jdk-21.0.11\bin\management_ext.dll
0x00007ffc53c60000 - 0x00007ffc53c68000 	C:\WINDOWS\System32\PSAPI.DLL

dbghelp: loaded successfully - version: 4.0.5 - missing functions: none
symbol engine: initialized successfully - sym options: 0x614 - pdb path: .;C:\Program Files\Java\jdk-21.0.11\bin;C:\WINDOWS\SYSTEM32;C:\WINDOWS\WinSxS\amd64_microsoft.windows.common-controls_6595b64144ccf1df_6.0.26100.8972_none_3e0da176e32f9d4b;C:\Program Files\Java\jdk-21.0.11\bin\server

VM Arguments:
jvm_args: -javaagent:C:\Program Files\JetBrains\IntelliJ IDEA 2026.1.1\lib\idea_rt.jar=52991 -Dfile.encoding=UTF-8 -Dsun.stdout.encoding=UTF-8 -Dsun.stderr.encoding=UTF-8 
java_command: com.ecommerce.ServiceRegistryApplication
java_class_path (initial): D:\Practices\Microservices Practice\Ecom-Microservies-FS\service-registry\target\classes;C:\Users\MOZAMMIL RAZA\.m2\repository\org\springframework\boot\spring-boot-starter-web\3.2.2\spring-boot-starter-web-3.2.2.jar;C:\Users\MOZAMMIL RAZA\.m2\repository\org\springframework\boot\spring-boot-starter\3.2.2\spring-boot-starter-3.2.2.jar;C:\Users\MOZAMMIL RAZA\.m2\repository\org\springframework\boot\spring-boot\3.2.2\spring-boot-3.2.2.jar;C:\Users\MOZAMMIL RAZA\.m2\repository\org\springframework\boot\spring-boot-autoconfigure\3.2.2\spring-boot-autoconfigure-3.2.2.jar;C:\Users\MOZAMMIL RAZA\.m2\repository\org\springframework\boot\spring-boot-starter-logging\3.2.2\spring-boot-starter-logging-3.2.2.jar;C:\Users\MOZAMMIL RAZA\.m2\repository\ch\qos\logback\logback-classic\1.4.14\logback-classic-1.4.14.jar;C:\Users\MOZAMMIL RAZA\.m2\repository\ch\qos\logback\logback-core\1.4.14\logback-core-1.4.14.jar;C:\Users\MOZAMMIL RAZA\.m2\repository\org\apache\logging\log4j\log4j-to-slf4j\2.21.1\log4j-to-slf4j-2.21.1.jar;C:\Users\MOZAMMIL RAZA\.m2\repository\org\apache\logging\log4j\log4j-api\2.21.1\log4j-api-2.21.1.jar;C:\Users\MOZAMMIL RAZA\.m2\repository\org\slf4j\jul-to-slf4j\2.0.11\jul-to-slf4j-2.0.11.jar;C:\Users\MOZAMMIL RAZA\.m2\repository\jakarta\annotation\jakarta.annotation-api\2.1.1\jakarta.annotation-api-2.1.1.jar;C:\Users\MOZAMMIL RAZA\.m2\repository\org\yaml\snakeyaml\2.2\snakeyaml-2.2.jar;C:\Users\MOZAMMIL RAZA\.m2\repository\org\springframework\boot\spring-boot-starter-json\3.2.2\spring-boot-starter-json-3.2.2.jar;C:\Users\MOZAMMIL RAZA\.m2\repository\com\fasterxml\jackson\core\jackson-databind\2.15.3\jackson-databind-2.15.3.jar;C:\Users\MOZAMMIL RAZA\.m2\repository\com\fasterxml\jackson\core\jackson-annotations\2.15.3\jackson-annotations-2.15.3.jar;C:\Users\MOZAMMIL RAZA\.m2\repository\com\fasterxml\jackson\core\jackson-core\2.15.3\jackson-core-2.15.3.jar;C:\Users\MOZAMMIL RAZA\.m2\repository\com\fasterxml\jackson\datatype\jackson-datatype-jdk8\2.15.3\jackson-datatype-jdk8-2.15.3.jar;C:\Users\MOZAMMIL RAZA\.m2\repository\com\fasterxml\jackson\datatype\jackson-datatype-jsr310\2.15.3\jackson-datatype-jsr310-2.15.3.jar;C:\Users\MOZAMMIL RAZA\.m2\repository\com\fasterxml\jackson\module\jackson-module-parameter-names\2.15.3\jackson-module-parameter-names-2.15.3.jar;C:\Users\MOZAMMIL RAZA\.m2\repository\org\springframework\boot\spring-boot-starter-tomcat\3.2.2\spring-boot-starter-tomcat-3.2.2.jar;C:\Users\MOZAMMIL RAZA\.m2\repository\org\apache\tomcat\embed\tomcat-embed-core\10.1.18\tomcat-embed-core-10.1.18.jar;C:\Users\MOZAMMIL RAZA\.m2\repository\org\apache\tomcat\embed\tomcat-embed-el\10.1.18\tomcat-embed-el-10.1.18.jar;C:\Users\MOZAMMIL RAZA\.m2\repository\org\apache\tomcat\embed\tomcat-embed-websocket\10.1.18\tomcat-embed-websocket-10.1.18.jar;C:\Users\MOZAMMIL RAZA\.m2\repository\org\springframework\spring-web\6.1.3\spring-web-6.1.3.jar;C:\Users\MOZAMMIL RAZA\.m2\repository\org\springframework\spring-beans\6.1.3\spring-beans-6.1.3.jar;C:\Users\MOZAMMIL RAZA\.m2\repository\io\micrometer\micrometer-observation\1.12.2\micrometer-observation-1.12.2.jar;C:\Users\MOZAMMIL RAZA\.m2\repository\io\micrometer\micrometer-commons\1.12.2\micrometer-commons-1.12.2.jar;C:\Users\MOZAMMIL RAZA\.m2\repository\org\springframework\spring-webmvc\6.1.3\spring-webmvc-6.1.3.jar;C:\Users\MOZAMMIL RAZA\.m2\repository\org\springframework\spring-aop\6.1.3\spring-aop-6.1.3.jar;C:\Users\MOZAMMIL RAZA\.m2\repository\org\springframework\spring-context\6.1.3\spring-context-6.1.3.jar;C:\Users\MOZAMMIL RAZA\.m2\repository\org\springframework\spring-expression\6.1.3\spring-expression-6.1.3.jar;C:\Users\MOZAMMIL RAZA\.m2\repository\org\springframework\cloud\spring-cloud-starter-netflix-eureka-server\4.1.1\spring-cloud-starter-netflix-eureka-server-4.1.1.jar;C:\Users\MOZAMMIL RAZA\.m2\repository\org\springframework\cloud\spring-cloud-starter\4.1.2\spring-cloud-starter-4.1.2.jar;C:\Users\MOZAMMIL RAZA\.m2\repository\org\springframework\cloud\spring-cloud-context\4.1.2\spring-cloud-context-4.1.2.jar;C:\Users\MOZAMMIL RAZA\.m2\repository\org\springframework\security\spring-security-crypto\6.2.1\spring-security-crypto-6.2.1.jar;C:\Users\MOZAMMIL RAZA\.m2\repository\org\springframework\cloud\spring-cloud-commons\4.1.2\spring-cloud-commons-4.1.2.jar;C:\Users\MOZAMMIL RAZA\.m2\repository\org\springframework\security\spring-security-rsa\1.1.2\spring-security-rsa-1.1.2.jar;C:\Users\MOZAMMIL RAZA\.m2\repository\org\bouncycastle\bcprov-jdk18on\1.77\bcprov-jdk18on-1.77.jar;C:\Users\MOZAMMIL RAZA\.m2\repository\org\springframework\cloud\spring-cloud-netflix-eureka-server\4.1.1\spring-cloud-netflix-eureka-server-4.1.1.jar;C:\Users\MOZAMMIL RAZA\.m2\repository\org\springframework\boot\spring-boot-starter-actuator\3.2.2\spring-boot-starter-actuator-3.2.2.jar;C:\Users\MOZAMMIL RAZA\.m2\repository\org\springframework\boot\spring-boot-actuator-autoconfigure\3.2.2\spring-boot-actuator-autoconfigure-3.2.2.jar;C:\Users\MOZAMMIL RAZA\.m2\repository\org\springframework\boot\spring-boot-actuator\3.2.2\spring-boot-actuator-3.2.2.jar;C:\Users\MOZAMMIL RAZA\.m2\repository\io\micrometer\micrometer-jakarta9\1.12.2\micrometer-jakarta9-1.12.2.jar;C:\Users\MOZAMMIL RAZA\.m2\repository\io\micrometer\micrometer-core\1.12.2\micrometer-core-1.12.2.jar;C:\Users\MOZAMMIL RAZA\.m2\repository\org\hdrhistogram\HdrHistogram\2.1.12\HdrHistogram-2.1.12.jar;C:\Users\MOZAMMIL RAZA\.m2\repository\org\latencyutils\LatencyUtils\2.0.3\LatencyUtils-2.0.3.jar;C:\Users\MOZAMMIL RAZA\.m2\repository\org\springframework\boot\spring-boot-starter-freemarker\3.2.2\spring-boot-starter-freemarker-3.2.2.jar;C:\Users\MOZAMMIL RAZA\.m2\repository\org\freemarker\freemarker\2.3.32\freemarker-2.3.32.jar;C:\Users\MOZAMMIL RAZA\.m2\repository\org\springframework\spring-context-support\6.1.3\spring-context-support-6.1.3.jar;C:\Users\MOZAMMIL RAZA\.m2\repository\org\springframework\cloud\spring-cloud-netflix-eureka-client\4.1.1\spring-cloud-netflix-eureka-client-4.1.1.jar;C:\Users\MOZAMMIL RAZA\.m2\repository\com\netflix\eureka\eureka-client\2.0.2\eureka-client-2.0.2.jar;C:\Users\MOZAMMIL RAZA\.m2\repository\com\netflix\netflix-commons\netflix-eventbus\0.3.0\netflix-eventbus-0.3.0.jar;C:\Users\MOZAMMIL RAZA\.m2\repository\com\netflix\netflix-commons\netflix-infix\0.3.0\netflix-infix-0.3.0.jar;C:\Users\MOZAMMIL RAZA\.m2\repository\commons-jxpath\commons-jxpath\1.3\commons-jxpath-1.3.jar;C:\Users\MOZAMMIL RAZA\.m2\repository\joda-time\joda-time\2.3\joda-time-2.3.jar;C:\Users\MOZAMMIL RAZA\.m2\repository\org\antlr\antlr-runtime\3.4\antlr-runtime-3.4.jar;C:\Users\MOZAMMIL RAZA\.m2\repository\org\antlr\stringtemplate\3.2.1\stringtemplate-3.2.1.jar;C:\Users\MOZAMMIL RAZA\.m2\repository\antlr\antlr\2.7.7\antlr-2.7.7.jar;C:\Users\MOZAMMIL RAZA\.m2\repository\com\google\code\gson\gson\2.10.1\gson-2.10.1.jar;C:\Users\MOZAMMIL RAZA\.m2\repository\org\apache\commons\commons-math\2.2\commons-math-2.2.jar;C:\Users\MOZAMMIL RAZA\.m2\repository\com\thoughtworks\xstream\xstream\1.4.19\xstream-1.4.19.jar;C:\Users\MOZAMMIL RAZA\.m2\repository\io\github\x-stream\mxparser\1.2.2\mxparser-1.2.2.jar;C:\Users\MOZAMMIL RAZA\.m2\repository\xmlpull\xmlpull\1.1.3.1\xmlpull-1.1.3.1.jar;C:\Users\MOZAMMIL RAZA\.m2\repository\com\netflix\servo\servo-core\0.12.21\servo-core-0.12.21.jar;C:\Users\MOZAMMIL RAZA\.m2\repository\com\google\guava\guava\19.0\guava-19.0.jar;C:\Users\MOZAMMIL RAZA\.m2\repository\org\apache\httpcomponents\httpclient\4.5.3\httpclient-4.5.3.jar;C:\Users\MOZAMMIL RAZA\.m2\repository\org\apache\httpcomponents\httpcore\4.4.16\httpcore-4.4.16.jar;C:\Users\MOZAMMIL RAZA\.m2\repository\commons-codec\commons-codec\1.16.0\commons-codec-1.16.0.jar;C:\Users\MOZAMMIL RAZA\.m2\repository\commons-configuration\commons-configuration\1.10\commons-configuration-1.10.jar;C:\Users\MOZAMMIL RAZA\.m2\repository\commons-lang\commons-lang\2.6\commons-lang-2.6.jar;C:\Users\MOZAMMIL RAZA\.m2\repository\org\codehaus\jettison\jettison\1.5.4\jettison-1.5.4.jar;C:\Users\MOZAMMIL RAZA\.m2\repository\org\apache\httpcomponents\client5\httpclient5\5.2.3\httpclient5-5.2.3.jar;C:\Users\MOZAMMIL RAZA\.m2\repository\org\apache\httpcomponents\core5\httpcore5\5.2.4\httpcore5-5.2.4.jar;C:\Users\MOZAMMIL RAZA\.m2\repository\org\apache\httpcomponents\core5\httpcore5-h2\5.2.4\httpcore5-h2-5.2.4.jar;C:\Users\MOZAMMIL RAZA\.m2\repository\com\netflix\eureka\eureka-client-jersey3\2.0.2\eureka-client-jersey3-2.0.2.jar;C:\Users\MOZAMMIL RAZA\.m2\repository\org\glassfish\jersey\connectors\jersey-apache-connector\3.1.5\jersey-apache-connector-3.1.5.jar;C:\Users\MOZAMMIL RAZA\.m2\repository\com\netflix\eureka\eureka-core-jersey3\2.0.2\eureka-core-jersey3-2.0.2.jar;C:\Users\MOZAMMIL RAZA\.m2\repository\com\netflix\eureka\eureka-core\2.0.2\eureka-core-2.0.2.jar;C:\Users\MOZAMMIL RAZA\.m2\repository\org\glassfish\jersey\containers\jersey-container-servlet\3.1.5\jersey-container-servlet-3.1.5.jar;C:\Users\MOZAMMIL RAZA\.m2\repository\org\glassfish\jersey\containers\jersey-container-servlet-core\3.1.5\jersey-container-servlet-core-3.1.5.jar;C:\Users\MOZAMMIL RAZA\.m2\repository\org\glassfish\jersey\core\jersey-common\3.1.5\jersey-common-3.1.5.jar;C:\Users\MOZAMMIL RAZA\.m2\repository\org\glassfish\hk2\osgi-resource-locator\1.0.3\osgi-resource-locator-1.0.3.jar;C:\Users\MOZAMMIL RAZA\.m2\repository\jakarta\ws\rs\jakarta.ws.rs-api\3.1.0\jakarta.ws.rs-api-3.1.0.jar;C:\Users\MOZAMMIL RAZA\.m2\repository\org\glassfish\jersey\core\jersey-server\3.1.5\jersey-server-3.1.5.jar;C:\Users\MOZAMMIL RAZA\.m2\repository\jakarta\inject\jakarta.inject-api\2.0.1\jakarta.inject-api-2.0.1.jar;C:\Users\MOZAMMIL RAZA\.m2\repository\jakarta\validation\jakarta.validation-api\3.0.2\jakarta.validation-api-3.0.2.jar;C:\Users\MOZAMMIL RAZA\.m2\repository\org\glassfish\jersey\core\jersey-client\3.1.5\jersey-client-3.1.5.jar;C:\Users\MOZAMMIL RAZA\.m2\repository\org\glassfish\jersey\inject\jersey-hk2\3.1.5\jersey-hk2-3.1.5.jar;C:\Users\MOZAMMIL RAZA\.m2\repository\org\glassfish\hk2\hk2-locator\3.0.5\hk2-locator-3.0.5.jar;C:\Users\MOZAMMIL RAZA\.m2\repository\org\glassfish\hk2\external\aopalliance-repackaged\3.0.5\aopalliance-repackaged-3.0.5.jar;C:\Users\MOZAMMIL RAZA\.m2\repository\org\glassfish\hk2\hk2-utils\3.0.5\hk2-utils-3.0.5.jar;C:\Users\MOZAMMIL RAZA\.m2\repository\org\javassist\javassist\3.29.2-GA\javassist-3.29.2-GA.jar;C:\Users\MOZAMMIL RAZA\.m2\repository\org\glassfish\hk2\spring-bridge\3.1.0\spring-bridge-3.1.0.jar;C:\Users\MOZAMMIL RAZA\.m2\repository\org\glassfish\hk2\hk2-api\3.1.0\hk2-api-3.1.0.jar;C:\Users\MOZAMMIL RAZA\.m2\repository\com\fasterxml\jackson\dataformat\jackson-dataformat-xml\2.15.3\jackson-dataformat-xml-2.15.3.jar;C:\Users\MOZAMMIL RAZA\.m2\repository\org\codehaus\woodstox\stax2-api\4.2.1\stax2-api-4.2.1.jar;C:\Users\MOZAMMIL RAZA\.m2\repository\com\fasterxml\woodstox\woodstox-core\6.5.1\woodstox-core-6.5.1.jar;C:\Users\MOZAMMIL RAZA\.m2\repository\org\springframework\cloud\spring-cloud-starter-loadbalancer\4.1.2\spring-cloud-starter-loadbalancer-4.1.2.jar;C:\Users\MOZAMMIL RAZA\.m2\repository\org\springframework\cloud\spring-cloud-loadbalancer\4.1.2\spring-cloud-loadbalancer-4.1.2.jar;C:\Users\MOZAMMIL RAZA\.m2\repository\io\projectreactor\reactor-core\3.6.2\reactor-core-3.6.2.jar;C:\Users\MOZAMMIL RAZA\.m2\repository\org\reactivestreams\reactive-streams\1.0.4\reactive-streams-1.0.4.jar;C:\Users\MOZAMMIL RAZA\.m2\repository\io\projectreactor\addons\reactor-extra\3.5.1\reactor-extra-3.5.1.jar;C:\Users\MOZAMMIL RAZA\.m2\repository\org\springframework\boot\spring-boot-starter-cache\3.2.2\spring-boot-starter-cache-3.2.2.jar;C:\Users\MOZAMMIL RAZA\.m2\repository\com\stoyanr\evictor\1.0.0\evictor-1.0.0.jar;C:\Users\MOZAMMIL RAZA\.m2\repository\org\glassfish\jaxb\jaxb-runtime\4.0.4\jaxb-runtime-4.0.4.jar;C:\Users\MOZAMMIL RAZA\.m2\repository\org\glassfish\jaxb\jaxb-core\4.0.4\jaxb-core-4.0.4.jar;C:\Users\MOZAMMIL RAZA\.m2\repository\org\eclipse\angus\angus-activation\2.0.1\angus-activation-2.0.1.jar;C:\Users\MOZAMMIL RAZA\.m2\repository\org\glassfish\jaxb\txw2\4.0.4\txw2-4.0.4.jar;C:\Users\MOZAMMIL RAZA\.m2\repository\com\sun\istack\istack-commons-runtime\4.1.2\istack-commons-runtime-4.1.2.jar;C:\Users\MOZAMMIL RAZA\.m2\repository\org\projectlombok\lombok\1.18.30\lombok-1.18.30.jar;C:\Users\MOZAMMIL RAZA\.m2\repository\org\slf4j\slf4j-api\2.0.11\slf4j-api-2.0.11.jar;C:\Users\MOZAMMIL RAZA\.m2\repository\jakarta\xml\bind\jakarta.xml.bind-api\4.0.1\jakarta.xml.bind-api-4.0.1.jar;C:\Users\MOZAMMIL RAZA\.m2\repository\jakarta\activation\jakarta.activation-api\2.1.2\jakarta.activation-api-2.1.2.jar;C:\Users\MOZAMMIL RAZA\.m2\repository\org\springframework\spring-core\6.1.3\spring-core-6.1.3.jar;C:\Users\MOZAMMIL RAZA\.m2\repository\org\springframework\spring-jcl\6.1.3\spring-jcl-6.1.3.jar
Launcher Type: SUN_STANDARD

[Global flags]
     intx CICompilerCount                          = 4                                         {product} {ergonomic}
     uint ConcGCThreads                            = 2                                         {product} {ergonomic}
     uint G1ConcRefinementThreads                  = 8                                         {product} {ergonomic}
   size_t G1HeapRegionSize                         = 2097152                                   {product} {ergonomic}
    uintx GCDrainStackTargetSize                   = 64                                        {product} {ergonomic}
   size_t InitialHeapSize                          = 266338304                                 {product} {ergonomic}
   size_t MarkStackSize                            = 4194304                                   {product} {ergonomic}
   size_t MaxHeapSize                              = 4236247040                                {product} {ergonomic}
   size_t MaxNewSize                               = 2541748224                                {product} {ergonomic}
   size_t MinHeapDeltaBytes                        = 2097152                                   {product} {ergonomic}
   size_t MinHeapSize                              = 8388608                                   {product} {ergonomic}
    uintx NonNMethodCodeHeapSize                   = 5839372                                {pd product} {ergonomic}
    uintx NonProfiledCodeHeapSize                  = 122909434                              {pd product} {ergonomic}
    uintx ProfiledCodeHeapSize                     = 122909434                              {pd product} {ergonomic}
    uintx ReservedCodeCacheSize                    = 251658240                              {pd product} {ergonomic}
     bool SegmentedCodeCache                       = true                                      {product} {ergonomic}
   size_t SoftMaxHeapSize                          = 4236247040                             {manageable} {ergonomic}
     bool UseCompressedOops                        = true                           {product lp64_product} {ergonomic}
     bool UseG1GC                                  = true                                      {product} {ergonomic}
     bool UseLargePagesIndividualAllocation        = false                                  {pd product} {ergonomic}

Logging:
Log output configuration:
 #0: stdout all=warning uptime,level,tags foldmultilines=false
 #1: stderr all=off uptime,level,tags foldmultilines=false

Environment Variables:
PATH=C:\Program Files\Common Files\Oracle\Java\javapath;C:\WINDOWS\system32;C:\WINDOWS;C:\WINDOWS\System32\Wbem;C:\WINDOWS\System32\WindowsPowerShell\v1.0\;C:\WINDOWS\System32\OpenSSH\;C:\Program Files\Java\jdk-21.0.11\bin;C:\Program Files\nodejs\;C:\Program Files\Git\cmd;C:\Program Files\Docker\Docker\resources\bin;C:\Program Files\apache-maven-3.9.16;C:\Program Files\apache-maven-3.9.16\bin;C:\Program Files\Kubernetes\Minikube;C:\Users\MOZAMMIL RAZA\AppData\Local\Microsoft\WindowsApps;C:\Users\MOZAMMIL RAZA\AppData\Local\Programs\Microsoft VS Code\bin;C:\Users\MOZAMMIL RAZA\AppData\Roaming\npm;C:\Program Files\nodejs;C:\Program Files\JetBrains\IntelliJ IDEA 2026.1.1\bin;
USERNAME=MOZAMMIL RAZA
OS=Windows_NT
PROCESSOR_IDENTIFIER=Intel64 Family 6 Model 142 Stepping 12, GenuineIntel
TMP=C:\Users\MOZAMM~1\AppData\Local\Temp
TEMP=C:\Users\MOZAMM~1\AppData\Local\Temp




Periodic native trim disabled

---------------  S Y S T E M  ---------------

OS:
 Windows 11 , 64 bit Build 26100 (10.0.26100.9168)
OS uptime: 0 days 13:27 hours
Hyper-V role detected

CPU: total 8 (initial active 8) (4 cores per cpu, 2 threads per core) family 6 model 142 stepping 12 microcode 0xea, cx8, cmov, fxsr, ht, mmx, 3dnowpref, sse, sse2, sse3, ssse3, sse4.1, sse4.2, popcnt, lzcnt, tsc, tscinvbit, avx, avx2, aes, erms, clmul, bmi1, bmi2, adx, fma, vzeroupper, clflush, clflushopt, hv, rdtscp, f16c
Processor Information for all 8 processors :
  Max Mhz: 2304, Current Mhz: 1803, Mhz Limit: 1797

Memory: 4k page, system-wide physical 16153M (484M free)
TotalPageFile size 36218M (AvailPageFile size 16M)
current process WorkingSet (physical memory assigned to process): 189M, peak: 189M
current process commit charge ("private bytes"): 225M, peak: 402M

vm_info: Java HotSpot(TM) 64-Bit Server VM (21.0.11+9-LTS-211) for windows-amd64 JRE (21.0.11+9-LTS-211), built on 2026-03-11T00:23:15Z by "mach5run" with MS VC++ 17.13 (VS2022)

END.
